Windows.Win32.Graphics.Gdi.DEVMODEW|
/// Used for specifying characteristics of display and print devices in the
/// Unicode (wide) character set.
///
/// To learn more about this struct, see
/// <https://learn.microsoft.com/windows/win32/api/wingdi/ns-wingdi-devmodew>.
///
/// {@category struct}
base class DEVMODE extends Struct {
  @Array(32)
  external Array<Uint16> _dmDeviceName;

  /// For a display, specifies the name of the display driver's DLL; for
  /// example, "perm3dd" for the 3Dlabs Permedia3 display driver.
  String get dmDeviceName {
    final charCodes = <int>[];
    for (var i = 0; i < 32; i++) {
      if (_dmDeviceName[i] == 0x00) break;
      charCodes.add(_dmDeviceName[i]);
    }
    return String.fromCharCodes(charCodes);
  }

  set dmDeviceName(String value) {
    final stringToStore = value.padRight(32, '\x00');
    for (var i = 0; i < 32; i++) {
      _dmDeviceName[i] = stringToStore.codeUnitAt(i);
    }
  }

  /// Specifies the version number of this DEVMODEW structure.
  @Uint16()
  external int dmSpecVersion;

  /// For a printer, specifies the printer driver version number assigned by the
  /// printer driver developer.
  @Uint16()
  external int dmDriverVersion;

  /// Specifies the size in bytes of the public DEVMODEW structure, not
  /// including any private, driver-specified members identified by the
  /// <b>dmDriverExtra</b> member.
  @Uint16()
  external int dmSize;

  /// Specifies the number of bytes of private driver data that follow the
  /// public structure members.
  @Uint16()
  external int dmDriverExtra;

  /// Specifies bit flags identifying which of the following DEVMODEW members
  /// are in use.
  @Uint32()
  external int dmFields;

  external DEVMODE_0 Anonymous1;

  /// For printers, specifies whether a color printer should print color or
  /// monochrome.
  @Int16()
  external int dmColor;

  @Int16()
  external int dmDuplex;

  /// For printers, specifies the <i>y</i> resolution of the printer, in DPI.
  @Int16()
  external int dmYResolution;

  /// For printers, specifies how TrueType fonts should be printed.
  @Int16()
  external int dmTTOption;

  @Int16()
  external int dmCollate;

  @Array(32)
  external Array<Uint16> _dmFormName;

  /// For printers, specifies the name of the form to use; such as "Letter" or
  /// "Legal".
  String get dmFormName {
    final charCodes = <int>[];
    for (var i = 0; i < 32; i++) {
      if (_dmFormName[i] == 0x00) break;
      charCodes.add(_dmFormName[i]);
    }
    return String.fromCharCodes(charCodes);
  }

  set dmFormName(String value) {
    final stringToStore = value.padRight(32, '\x00');
    for (var i = 0; i < 32; i++) {
      _dmFormName[i] = stringToStore.codeUnitAt(i);
    }
  }

  /// For displays, specifies the number of logical pixels per inch of a display
  /// device and should be equal to the <b>ulLogPixels</b> member of the <a
  /// href="https://docs.microsoft.com/windows/desktop/api/winddi/ns-winddi-gdiinfo">GDIINFO</a>
  /// structure.
  @Uint16()
  external int dmLogPixels;

  /// For displays, specifies the color resolution, in bits per pixel, of a
  /// display device.
  @Uint32()
  external int dmBitsPerPel;

  /// For displays, specifies the width, in pixels, of the visible device
  /// surface.
  @Uint32()
  external int dmPelsWidth;

  /// For displays, specifies the height, in pixels, of the visible device
  /// surface.
  @Uint32()
  external int dmPelsHeight;

  external DEVMODE_1 Anonymous2;

  /// For displays, specifies the frequency, in hertz, of a display device in
  /// its current mode.
  @Uint32()
  external int dmDisplayFrequency;

  /// Specifies one of the DMICMMETHOD-prefixed constants defined in
  /// <i>wingdi.h</i>.
  @Uint32()
  external int dmICMMethod;

  /// Specifies one of the DMICM-prefixed constants defined in <i>wingdi.h</i>.
  @Uint32()
  external int dmICMIntent;

  /// Specifies one of the DMMEDIA-prefixed constants defined in
  /// <i>wingdi.h</i>.
  @Uint32()
  external int dmMediaType;

  /// Specifies one of the DMDITHER-prefixed constants defined in
  /// <i>wingdi.h</i>.
  @Uint32()
  external int dmDitherType;

  /// Is reserved for system use and should be ignored by the driver.
  @Uint32()
  // ignore: unused_field
  external int _dmReserved1;

  /// Is reserved for system use and should be ignored by the driver.
  @Uint32()
  // ignore: unused_field
  external int _dmReserved2;

  /// Is reserved for system use and should be ignored by the driver.
  @Uint32()
  external int dmPanningWidth;

  /// Is reserved for system use and should be ignored by the driver.
  @Uint32()
  external int dmPanningHeight;
}

/// {@category union}
sealed class DEVMODE_0 extends Union {
  external DEVMODE_0_0 Anonymous1;

  external DEVMODE_0_1 Anonymous2;
}

extension DEVMODE_0_Extension on DEVMODE {
  DEVMODE_0_0 get Anonymous1 => this.Anonymous1.Anonymous1;
  set Anonymous1(DEVMODE_0_0 value) => this.Anonymous1.Anonymous1 = value;

  DEVMODE_0_1 get Anonymous2 => this.Anonymous1.Anonymous2;
  set Anonymous2(DEVMODE_0_1 value) => this.Anonymous1.Anonymous2 = value;
}

/// {@category struct}
sealed class DEVMODE_0_0 extends Struct {
  @Int16()
  external int dmOrientation;

  @Int16()
  external int dmPaperSize;

  @Int16()
  external int dmPaperLength;

  @Int16()
  external int dmPaperWidth;

  @Int16()
  external int dmScale;

  @Int16()
  external int dmCopies;

  @Int16()
  external int dmDefaultSource;

  @Int16()
  external int dmPrintQuality;
}

extension DEVMODE_0_0_Extension on DEVMODE {
  int get dmOrientation => this.Anonymous1.Anonymous1.dmOrientation;
  set dmOrientation(int value) =>
      this.Anonymous1.Anonymous1.dmOrientation = value;

  int get dmPaperSize => this.Anonymous1.Anonymous1.dmPaperSize;
  set dmPaperSize(int value) => this.Anonymous1.Anonymous1.dmPaperSize = value;

  int get dmPaperLength => this.Anonymous1.Anonymous1.dmPaperLength;
  set dmPaperLength(int value) =>
      this.Anonymous1.Anonymous1.dmPaperLength = value;

  int get dmPaperWidth => this.Anonymous1.Anonymous1.dmPaperWidth;
  set dmPaperWidth(int value) =>
      this.Anonymous1.Anonymous1.dmPaperWidth = value;

  int get dmScale => this.Anonymous1.Anonymous1.dmScale;
  set dmScale(int value) => this.Anonymous1.Anonymous1.dmScale = value;

  int get dmCopies => this.Anonymous1.Anonymous1.dmCopies;
  set dmCopies(int value) => this.Anonymous1.Anonymous1.dmCopies = value;

  int get dmDefaultSource => this.Anonymous1.Anonymous1.dmDefaultSource;
  set dmDefaultSource(int value) =>
      this.Anonymous1.Anonymous1.dmDefaultSource = value;

  int get dmPrintQuality => this.Anonymous1.Anonymous1.dmPrintQuality;
  set dmPrintQuality(int value) =>
      this.Anonymous1.Anonymous1.dmPrintQuality = value;
}

/// {@category struct}
sealed class DEVMODE_0_1 extends Struct {
  external POINTL dmPosition;

  @Uint32()
  external int dmDisplayOrientation;

  @Uint32()
  external int dmDisplayFixedOutput;
}

extension DEVMODE_0_1_Extension on DEVMODE {
  POINTL get dmPosition => this.Anonymous1.Anonymous2.dmPosition;
  set dmPosition(POINTL value) => this.Anonymous1.Anonymous2.dmPosition = value;

  int get dmDisplayOrientation =>
      this.Anonymous1.Anonymous2.dmDisplayOrientation;
  set dmDisplayOrientation(int value) =>
      this.Anonymous1.Anonymous2.dmDisplayOrientation = value;

  int get dmDisplayFixedOutput =>
      this.Anonymous1.Anonymous2.dmDisplayFixedOutput;
  set dmDisplayFixedOutput(int value) =>
      this.Anonymous1.Anonymous2.dmDisplayFixedOutput = value;
}

/// {@category union}
sealed class DEVMODE_1 extends Union {
  @Uint32()
  external int dmDisplayFlags;

  @Uint32()
  external int dmNup;
}

extension DEVMODE_1_Extension on DEVMODE {
  int get dmDisplayFlags => this.Anonymous2.dmDisplayFlags;
  set dmDisplayFlags(int value) => this.Anonymous2.dmDisplayFlags = value;

  int get dmNup => this.Anonymous2.dmNup;
  set dmNup(int value) => this.Anonymous2.dmNup = value;
}
